// Jest Snapshot v1, https://goo.gl/fbAQLP

exports[`CDK UI Stack Snapshot test 1`] = `
Object {
  "Outputs": Object {
    "webUrl": Object {
      "Value": Object {
        "Fn::GetAtt": Array [
          "WebsiteBucket75C24D94",
          "WebsiteURL",
        ],
      },
    },
  },
  "Parameters": Any<Object>,
  "Resources": Object {
    "CustomCDKBucketDeployment8693BB64968944B69AAFB0CC9EB8756C81C01536": Object {
      "DependsOn": Array [
        "CustomCDKBucketDeployment8693BB64968944B69AAFB0CC9EB8756CServiceRoleDefaultPolicy88902FDF",
        "CustomCDKBucketDeployment8693BB64968944B69AAFB0CC9EB8756CServiceRole89A01265",
      ],
      "Properties": Object {
        "Code": Any<Object>,
        "Handler": "index.handler",
        "Layers": Array [
          Object {
            "Ref": "DeployWebsiteAwsCliLayer17DBC421",
          },
        ],
        "Role": Object {
          "Fn::GetAtt": Array [
            "CustomCDKBucketDeployment8693BB64968944B69AAFB0CC9EB8756CServiceRole89A01265",
            "Arn",
          ],
        },
        "Runtime": "python3.6",
        "Timeout": 900,
      },
      "Type": "AWS::Lambda::Function",
    },
    "CustomCDKBucketDeployment8693BB64968944B69AAFB0CC9EB8756CServiceRole89A01265": Object {
      "Properties": Object {
        "AssumeRolePolicyDocument": Object {
          "Statement": Array [
            Object {
              "Action": "sts:AssumeRole",
              "Effect": "Allow",
              "Principal": Object {
                "Service": "lambda.amazonaws.com",
              },
            },
          ],
          "Version": "2012-10-17",
        },
        "ManagedPolicyArns": Array [
          Object {
            "Fn::Join": Array [
              "",
              Array [
                "arn:",
                Object {
                  "Ref": "AWS::Partition",
                },
                ":iam::aws:policy/service-role/AWSLambdaBasicExecutionRole",
              ],
            ],
          },
        ],
      },
      "Type": "AWS::IAM::Role",
    },
    "CustomCDKBucketDeployment8693BB64968944B69AAFB0CC9EB8756CServiceRoleDefaultPolicy88902FDF": Object {
      "Properties": Object {
        "PolicyDocument": Object {
          "Statement": Array [
            Object {
              "Action": Array [
                "s3:GetObject*",
                "s3:GetBucket*",
                "s3:List*",
              ],
              "Effect": "Allow",
              "Resource": Array [
                Object {
                  "Fn::Join": Array [
                    "",
                    Array [
                      "arn:",
                      Object {
                        "Ref": "AWS::Partition",
                      },
                      ":s3:::",
                      Object {
                        "Ref": "AssetParametersa07c7739480e4f53b16a1df53a381737cb342e6269771585c4d313d4e8f8d79dS3BucketCDD5728E",
                      },
                    ],
                  ],
                },
                Object {
                  "Fn::Join": Array [
                    "",
                    Array [
                      "arn:",
                      Object {
                        "Ref": "AWS::Partition",
                      },
                      ":s3:::",
                      Object {
                        "Ref": "AssetParametersa07c7739480e4f53b16a1df53a381737cb342e6269771585c4d313d4e8f8d79dS3BucketCDD5728E",
                      },
                      "/*",
                    ],
                  ],
                },
              ],
            },
            Object {
              "Action": Array [
                "s3:GetObject*",
                "s3:GetBucket*",
                "s3:List*",
                "s3:DeleteObject*",
                "s3:PutObject*",
                "s3:Abort*",
              ],
              "Effect": "Allow",
              "Resource": Array [
                Object {
                  "Fn::GetAtt": Array [
                    "WebsiteBucket75C24D94",
                    "Arn",
                  ],
                },
                Object {
                  "Fn::Join": Array [
                    "",
                    Array [
                      Object {
                        "Fn::GetAtt": Array [
                          "WebsiteBucket75C24D94",
                          "Arn",
                        ],
                      },
                      "/*",
                    ],
                  ],
                },
              ],
            },
          ],
          "Version": "2012-10-17",
        },
        "PolicyName": "CustomCDKBucketDeployment8693BB64968944B69AAFB0CC9EB8756CServiceRoleDefaultPolicy88902FDF",
        "Roles": Array [
          Object {
            "Ref": "CustomCDKBucketDeployment8693BB64968944B69AAFB0CC9EB8756CServiceRole89A01265",
          },
        ],
      },
      "Type": "AWS::IAM::Policy",
    },
    "CustomS3AutoDeleteObjectsCustomResourceProviderHandler9D90184F": Object {
      "DependsOn": Array [
        "CustomS3AutoDeleteObjectsCustomResourceProviderRole3B1BD092",
      ],
      "Properties": Object {
        "Code": Any<Object>,
        "Handler": "__entrypoint__.handler",
        "MemorySize": 128,
        "Role": Object {
          "Fn::GetAtt": Array [
            "CustomS3AutoDeleteObjectsCustomResourceProviderRole3B1BD092",
            "Arn",
          ],
        },
        "Runtime": "nodejs12.x",
        "Timeout": 900,
      },
      "Type": "AWS::Lambda::Function",
    },
    "CustomS3AutoDeleteObjectsCustomResourceProviderRole3B1BD092": Object {
      "Properties": Object {
        "AssumeRolePolicyDocument": Object {
          "Statement": Array [
            Object {
              "Action": "sts:AssumeRole",
              "Effect": "Allow",
              "Principal": Object {
                "Service": "lambda.amazonaws.com",
              },
            },
          ],
          "Version": "2012-10-17",
        },
        "ManagedPolicyArns": Array [
          Object {
            "Fn::Sub": "arn:\${AWS::Partition}:iam::aws:policy/service-role/AWSLambdaBasicExecutionRole",
          },
        ],
      },
      "Type": "AWS::IAM::Role",
    },
    "DeployWebsiteAwsCliLayer17DBC421": Object {
      "Properties": Object {
        "Content": Any<Object>,
        "Description": "/opt/awscli/aws",
      },
      "Type": "AWS::Lambda::LayerVersion",
    },
    "DeployWebsiteCustomResourceD116527B": Object {
      "DeletionPolicy": "Delete",
      "Properties": Object {
        "DestinationBucketName": Object {
          "Ref": "WebsiteBucket75C24D94",
        },
        "Prune": true,
        "ServiceToken": Object {
          "Fn::GetAtt": Array [
            "CustomCDKBucketDeployment8693BB64968944B69AAFB0CC9EB8756C81C01536",
            "Arn",
          ],
        },
        "SourceBucketNames": Array [
          Object {
            "Ref": "AssetParametersa07c7739480e4f53b16a1df53a381737cb342e6269771585c4d313d4e8f8d79dS3BucketCDD5728E",
          },
        ],
        "SourceObjectKeys": Array [
          Object {
            "Fn::Join": Array [
              "",
              Array [
                Object {
                  "Fn::Select": Array [
                    0,
                    Object {
                      "Fn::Split": Array [
                        "||",
                        Object {
                          "Ref": "AssetParametersa07c7739480e4f53b16a1df53a381737cb342e6269771585c4d313d4e8f8d79dS3VersionKeyA33D908B",
                        },
                      ],
                    },
                  ],
                },
                Object {
                  "Fn::Select": Array [
                    1,
                    Object {
                      "Fn::Split": Array [
                        "||",
                        Object {
                          "Ref": "AssetParametersa07c7739480e4f53b16a1df53a381737cb342e6269771585c4d313d4e8f8d79dS3VersionKeyA33D908B",
                        },
                      ],
                    },
                  ],
                },
              ],
            ],
          },
        ],
      },
      "Type": "Custom::CDKBucketDeployment",
      "UpdateReplacePolicy": "Delete",
    },
    "WebsiteBucket75C24D94": Object {
      "DeletionPolicy": "Delete",
      "Properties": Object {
        "WebsiteConfiguration": Object {
          "IndexDocument": "index.html",
        },
      },
      "Type": "AWS::S3::Bucket",
      "UpdateReplacePolicy": "Delete",
    },
    "WebsiteBucketAutoDeleteObjectsCustomResource8750E461": Object {
      "DeletionPolicy": "Delete",
      "DependsOn": Array [
        "WebsiteBucketPolicyE10E3262",
      ],
      "Properties": Object {
        "BucketName": Object {
          "Ref": "WebsiteBucket75C24D94",
        },
        "ServiceToken": Object {
          "Fn::GetAtt": Array [
            "CustomS3AutoDeleteObjectsCustomResourceProviderHandler9D90184F",
            "Arn",
          ],
        },
      },
      "Type": "Custom::S3AutoDeleteObjects",
      "UpdateReplacePolicy": "Delete",
    },
    "WebsiteBucketPolicyE10E3262": Object {
      "Properties": Object {
        "Bucket": Object {
          "Ref": "WebsiteBucket75C24D94",
        },
        "PolicyDocument": Object {
          "Statement": Array [
            Object {
              "Action": "s3:GetObject",
              "Effect": "Allow",
              "Principal": "*",
              "Resource": Object {
                "Fn::Join": Array [
                  "",
                  Array [
                    Object {
                      "Fn::GetAtt": Array [
                        "WebsiteBucket75C24D94",
                        "Arn",
                      ],
                    },
                    "/*",
                  ],
                ],
              },
            },
            Object {
              "Action": Array [
                "s3:GetObject*",
                "s3:GetBucket*",
                "s3:List*",
                "s3:DeleteObject*",
              ],
              "Effect": "Allow",
              "Principal": Object {
                "AWS": Object {
                  "Fn::GetAtt": Array [
                    "CustomS3AutoDeleteObjectsCustomResourceProviderRole3B1BD092",
                    "Arn",
                  ],
                },
              },
              "Resource": Array [
                Object {
                  "Fn::GetAtt": Array [
                    "WebsiteBucket75C24D94",
                    "Arn",
                  ],
                },
                Object {
                  "Fn::Join": Array [
                    "",
                    Array [
                      Object {
                        "Fn::GetAtt": Array [
                          "WebsiteBucket75C24D94",
                          "Arn",
                        ],
                      },
                      "/*",
                    ],
                  ],
                },
              ],
            },
          ],
          "Version": "2012-10-17",
        },
      },
      "Type": "AWS::S3::BucketPolicy",
    },
  },
}
`;
